[2025-07-19 17:20:18] [INFO] [MatrixMobileServlet]method = matrix-mobile-config
[2025-07-19 17:20:18] [INFO] [MatrixMobileServlet][matrixMobileConfig] Version = 1.3.7.0, appID = inswave.matrix.mobile
[2025-07-19 17:20:18] [INFO] [RefreshUpdatePatchGenerator] queue wait.
[2025-07-19 17:20:18] [INFO] ::  MATRIX_MOBILE_HOME = C:\InswaveToolSP1\workspace\InsWebApp\matrix_mobile_home
[2025-07-19 17:20:18] [INFO] ::  MATRIX_MOBILE_HOME Config Path = C:\InswaveToolSP1\workspace\InsWebApp\matrix_mobile_home\config
[2025-07-19 17:20:18] [INFO] #########################################
[2025-07-19 17:20:18] [INFO] appID = inswave.matrix.mobile
[2025-07-19 17:20:19] [INFO] YAMLParser new Instance!!!
[2025-07-19 17:20:19] [INFO] [MatrixMobileServlet]method = license
[2025-07-19 17:20:19] [SEVERE] [Matrix Mobile License] Loading License. PATH: /C:\InswaveToolSP1\workspace\InsWebApp\matrix_mobile_home\license\license
[2025-07-19 17:20:19] [SEVERE] [Matrix Mobile License] ############### MATRIX Mobile LICENSE File[1] ####################
[2025-07-19 17:20:19] [SEVERE] [Matrix Mobile License] ############### LICENSE INFO ####################
[2025-07-19 17:20:19] [SEVERE] [Matrix Mobile License] License ID : 1206
[2025-07-19 17:20:19] [SEVERE] [Matrix Mobile License] Customer ID: 2488
[2025-07-19 17:20:19] [SEVERE] [Matrix Mobile License] Name       : 2488
[2025-07-19 17:20:19] [SEVERE] [Matrix Mobile License] License Type: (Demo License)
[2025-07-19 17:20:19] [SEVERE] [Matrix Mobile License] HOST Name  : any
[2025-07-19 17:20:19] [SEVERE] [Matrix Mobile License] IP Address : 0.0.0.0
[2025-07-19 17:20:19] [SEVERE] [Matrix Mobile License] Product ID : 14
[2025-07-19 17:20:19] [SEVERE] [Matrix Mobile License] CPU Number : 256
[2025-07-19 17:20:19] [SEVERE] [Matrix Mobile License] Expiration : Sun Aug 31 00:00:00 KST 2025
[2025-07-19 17:20:19] [SEVERE] [Matrix Mobile License] appID[0] : inswave.wmatrix.template
[2025-07-19 17:20:19] [SEVERE] [Matrix Mobile License] appID[1] : inswave.wmatrix.template
[2025-07-19 17:20:19] [SEVERE] [Matrix Mobile License] #################################################

[2025-07-19 17:20:19] [SEVERE] [Matrix Mobile License] ############### SYSTEM INFO #####################
[2025-07-19 17:20:19] [SEVERE] [Matrix Mobile License] CPU Number : 12
[2025-07-19 17:20:19] [SEVERE] [Matrix Mobile License] HOST Name  : sykim
[2025-07-19 17:20:19] [SEVERE] [Matrix Mobile License] IP[0]      : 127.0.0.1
[2025-07-19 17:20:19] [SEVERE] [Matrix Mobile License] IP[1]      : 0:0:0:0:0:0:0:1
[2025-07-19 17:20:19] [SEVERE] [Matrix Mobile License] IP[2]      : fe80:0:0:0:6014:ba1c:485b:fe57%wlan2
[2025-07-19 17:20:19] [SEVERE] [Matrix Mobile License] IP[3]      : fe80:0:0:0:a137:6982:c6a:995e%eth3
[2025-07-19 17:20:19] [SEVERE] [Matrix Mobile License] IP[4]      : fe80:0:0:0:7738:10de:bc78:6013%eth4
[2025-07-19 17:20:19] [SEVERE] [Matrix Mobile License] IP[5]      : 192.168.219.154
[2025-07-19 17:20:19] [SEVERE] [Matrix Mobile License] IP[6]      : fe80:0:0:0:3233:8a6d:ee20:5ccb%wlan3
[2025-07-19 17:20:19] [SEVERE] [Matrix Mobile License] IP[7]      : fe80:0:0:0:a57d:d70c:f158:d06c%wlan4
[2025-07-19 17:20:19] [SEVERE] [Matrix Mobile License] #################################################
[2025-07-19 18:00:01] [INFO] [MatrixMobileServlet]destroy EXEC
[2025-07-19 18:00:45] [INFO] [MatrixMobileServlet]method = matrix-mobile-config
[2025-07-19 18:00:45] [INFO] [MatrixMobileServlet][matrixMobileConfig] Version = 1.3.7.0, appID = inswave.matrix.mobile
[2025-07-19 18:00:45] [INFO] ::  MATRIX_MOBILE_HOME = C:\InswaveToolSP1\workspace\InsWebApp\matrix_mobile_home
[2025-07-19 18:00:45] [INFO] [RefreshUpdatePatchGenerator] queue wait.
[2025-07-19 18:00:45] [INFO] ::  MATRIX_MOBILE_HOME Config Path = C:\InswaveToolSP1\workspace\InsWebApp\matrix_mobile_home\config
[2025-07-19 18:00:45] [INFO] #########################################
[2025-07-19 18:00:45] [INFO] appID = inswave.matrix.mobile
[2025-07-19 18:00:46] [INFO] YAMLParser new Instance!!!
[2025-07-19 18:00:46] [INFO] [MatrixMobileServlet]method = license
[2025-07-19 18:00:46] [SEVERE] [Matrix Mobile License] Loading License. PATH: /C:\InswaveToolSP1\workspace\InsWebApp\matrix_mobile_home\license\license
[2025-07-19 18:00:46] [SEVERE] [Matrix Mobile License] ############### MATRIX Mobile LICENSE File[1] ####################
[2025-07-19 18:00:46] [SEVERE] [Matrix Mobile License] ############### LICENSE INFO ####################
[2025-07-19 18:00:46] [SEVERE] [Matrix Mobile License] License ID : 1206
[2025-07-19 18:00:46] [SEVERE] [Matrix Mobile License] Customer ID: 2488
[2025-07-19 18:00:46] [SEVERE] [Matrix Mobile License] Name       : 2488
[2025-07-19 18:00:46] [SEVERE] [Matrix Mobile License] License Type: (Demo License)
[2025-07-19 18:00:46] [SEVERE] [Matrix Mobile License] HOST Name  : any
[2025-07-19 18:00:46] [SEVERE] [Matrix Mobile License] IP Address : 0.0.0.0
[2025-07-19 18:00:46] [SEVERE] [Matrix Mobile License] Product ID : 14
[2025-07-19 18:00:46] [SEVERE] [Matrix Mobile License] CPU Number : 256
[2025-07-19 18:00:46] [SEVERE] [Matrix Mobile License] Expiration : Sun Aug 31 00:00:00 KST 2025
[2025-07-19 18:00:46] [SEVERE] [Matrix Mobile License] appID[0] : inswave.wmatrix.template
[2025-07-19 18:00:46] [SEVERE] [Matrix Mobile License] appID[1] : inswave.wmatrix.template
[2025-07-19 18:00:46] [SEVERE] [Matrix Mobile License] #################################################

[2025-07-19 18:00:46] [SEVERE] [Matrix Mobile License] ############### SYSTEM INFO #####################
[2025-07-19 18:00:46] [SEVERE] [Matrix Mobile License] CPU Number : 12
[2025-07-19 18:00:46] [SEVERE] [Matrix Mobile License] HOST Name  : sykim
[2025-07-19 18:00:46] [SEVERE] [Matrix Mobile License] IP[0]      : 127.0.0.1
[2025-07-19 18:00:46] [SEVERE] [Matrix Mobile License] IP[1]      : 0:0:0:0:0:0:0:1
[2025-07-19 18:00:46] [SEVERE] [Matrix Mobile License] IP[2]      : fe80:0:0:0:6014:ba1c:485b:fe57%wlan2
[2025-07-19 18:00:46] [SEVERE] [Matrix Mobile License] IP[3]      : fe80:0:0:0:a137:6982:c6a:995e%eth3
[2025-07-19 18:00:46] [SEVERE] [Matrix Mobile License] IP[4]      : fe80:0:0:0:7738:10de:bc78:6013%eth4
[2025-07-19 18:00:46] [SEVERE] [Matrix Mobile License] IP[5]      : 192.168.219.154
[2025-07-19 18:00:46] [SEVERE] [Matrix Mobile License] IP[6]      : fe80:0:0:0:3233:8a6d:ee20:5ccb%wlan3
[2025-07-19 18:00:46] [SEVERE] [Matrix Mobile License] IP[7]      : fe80:0:0:0:a57d:d70c:f158:d06c%wlan4
[2025-07-19 18:00:46] [SEVERE] [Matrix Mobile License] #################################################
[2025-07-19 18:50:10] [INFO] [MatrixMobileServlet]destroy EXEC
